[    0.000000] Linux version 4.15.0-126-generic (buildd@lcy01-amd64-024) (gcc version 7.5.0 (Ubuntu 7.5.0-3ubuntu1~18.04)) #129-Ubuntu SMP Mon Nov 23 18:53:38 UTC 2020 (Ubuntu 4.15.0-126.129-generic 4.15.18)
[    0.000000] Command line: BOOT_IMAGE=/boot/vmlinuz-4.15.0-126-generic root=LABEL=cloudimg-rootfs ro console=tty1 console=ttyS0
[    0.000000] KERNEL supported cpus:
[    0.000000]   Intel GenuineIntel
[    0.000000]   AMD AuthenticAMD
[    0.000000]   Centaur CentaurHauls
[    0.000000] [Firmware Bug]: TSC doesn't count with P0 frequency!
[    0.000000] x86/fpu: Supporting XSAVE feature 0x001: 'x87 floating point registers'
[    0.000000] x86/fpu: Supporting XSAVE feature 0x002: 'SSE registers'
[    0.000000] x86/fpu: Supporting XSAVE feature 0x004: 'AVX registers'
[    0.000000] x86/fpu: xstate_offset[2]:  576, xstate_sizes[2]:  256
[    0.000000] x86/fpu: Enabled xstate features 0x7, context size is 832 bytes, using 'standard' format.
[    0.000000] e820: BIOS-provided physical RAM map:
[    0.000000] BIOS-e820: [mem 0x0000000000000000-0x000000000009fbff] usable
[    0.000000] BIOS-e820: [mem 0x000000000009fc00-0x000000000009ffff] reserved
[    0.000000] BIOS-e820: [mem 0x00000000000f0000-0x00000000000fffff] reserved
[    0.000000] BIOS-e820: [mem 0x0000000000100000-0x000000003ffeffff] usable
[    0.000000] BIOS-e820: [mem 0x000000003fff0000-0x000000003fffffff] ACPI data
[    0.000000] BIOS-e820: [mem 0x00000000fec00000-0x00000000fec00fff] reserved
[    0.000000] BIOS-e820: [mem 0x00000000fee00000-0x00000000fee00fff] reserved
[    0.000000] BIOS-e820: [mem 0x00000000fffc0000-0x00000000ffffffff] reserved
[    0.000000] NX (Execute Disable) protection: active
[    0.000000] SMBIOS 2.5 present.
[    0.000000] DMI: innotek GmbH VirtualBox/VirtualBox, BIOS VirtualBox 12/01/2006
[    0.000000] Hypervisor detected: KVM
[    0.000000] e820: last_pfn = 0x3fff0 max_arch_pfn = 0x400000000
[    0.000000] MTRR: Disabled
[    0.000000] x86/PAT: MTRRs disabled, skipping PAT initialization too.
[    0.000000] CPU MTRRs all blank - virtualized system.
[    0.000000] x86/PAT: Configuration [0-7]: WB  WT  UC- UC  WB  WT  UC- UC  
[    0.000000] found SMP MP-table at [mem 0x0009fff0-0x0009ffff]
[    0.000000] Scanning 1 areas for low memory corruption
[    0.000000] RAMDISK: [mem 0x35a65000-0x36d29fff]
[    0.000000] ACPI: Early table checksum verification disabled
[    0.000000] ACPI: RSDP 0x00000000000E0000 000024 (v02 VBOX  )
[    0.000000] ACPI: XSDT 0x000000003FFF0030 00003C (v01 VBOX   VBOXXSDT 00000001 ASL  00000061)
[    0.000000] ACPI: FACP 0x000000003FFF00F0 0000F4 (v04 VBOX   VBOXFACP 00000001 ASL  00000061)
[    0.000000] ACPI: DSDT 0x000000003FFF0470 002325 (v02 VBOX   VBOXBIOS 00000002 INTL 20100528)
[    0.000000] ACPI: FACS 0x000000003FFF0200 000040
[    0.000000] ACPI: FACS 0x000000003FFF0200 000040
[    0.000000] ACPI: APIC 0x000000003FFF0240 00005C (v02 VBOX   VBOXAPIC 00000001 ASL  00000061)
[    0.000000] ACPI: SSDT 0x000000003FFF02A0 0001CC (v01 VBOX   VBOXCPUT 00000002 INTL 20100528)
[    0.000000] No NUMA configuration found
[    0.000000] Faking a node at [mem 0x0000000000000000-0x000000003ffeffff]
[    0.000000] NODE_DATA(0) allocated [mem 0x3ffc5000-0x3ffeffff]
[    0.000000] kvm-clock: cpu 0, msr 0:3ff44001, primary cpu clock
[    0.000000] kvm-clock: Using msrs 4b564d01 and 4b564d00
[    0.000000] kvm-clock: using sched offset of 11960810194 cycles
[    0.000000] clocksource: kvm-clock: mask: 0xffffffffffffffff max_cycles: 0x1cd42e4dffb, max_idle_ns: 881590591483 ns
[    0.000000] Zone ranges:
[    0.000000]   DMA      [mem 0x0000000000001000-0x0000000000ffffff]
[    0.000000]   DMA32    [mem 0x0000000001000000-0x000000003ffeffff]
[    0.000000]   Normal   empty
[    0.000000]   Device   empty
[    0.000000] Movable zone start for each node
[    0.000000] Early memory node ranges
[    0.000000]   node   0: [mem 0x0000000000001000-0x000000000009efff]
[    0.000000]   node   0: [mem 0x0000000000100000-0x000000003ffeffff]
[    0.000000] Reserved but unavailable: 98 pages
[    0.000000] Initmem setup node 0 [mem 0x0000000000001000-0x000000003ffeffff]
[    0.000000] ACPI: PM-Timer IO Port: 0x4008
[    0.000000] IOAPIC[0]: apic_id 2, version 32, address 0xfec00000, GSI 0-23
[    0.000000] ACPI: INT_SRC_OVR (bus 0 bus_irq 0 global_irq 2 dfl dfl)
[    0.000000] ACPI: INT_SRC_OVR (bus 0 bus_irq 9 global_irq 9 low level)
[    0.000000] Using ACPI (MADT) for SMP configuration information
[    0.000000] smpboot: Allowing 2 CPUs, 0 hotplug CPUs
[    0.000000] PM: Registered nosave memory: [mem 0x00000000-0x00000fff]
[    0.000000] PM: Registered nosave memory: [mem 0x0009f000-0x0009ffff]
[    0.000000] PM: Registered nosave memory: [mem 0x000a0000-0x000effff]
[    0.000000] PM: Registered nosave memory: [mem 0x000f0000-0x000fffff]
[    0.000000] e820: [mem 0x40000000-0xfebfffff] available for PCI devices
[    0.000000] Booting paravirtualized kernel on KVM
[    0.000000] clocksource: refined-jiffies: mask: 0xffffffff max_cycles: 0xffffffff, max_idle_ns: 7645519600211568 ns
[    0.000000] random: get_random_bytes called from start_kernel+0x99/0x500 with crng_init=0
[    0.000000] setup_percpu: NR_CPUS:8192 nr_cpumask_bits:2 nr_cpu_ids:2 nr_node_ids:1
[    0.000000] percpu: Embedded 45 pages/cpu s147456 r8192 d28672 u1048576
[    0.000000] PV qspinlock hash table entries: 256 (order: 0, 4096 bytes)
[    0.000000] Built 1 zonelists, mobility grouping on.  Total pages: 257913
[    0.000000] Policy zone: DMA32
[    0.000000] Kernel command line: BOOT_IMAGE=/boot/vmlinuz-4.15.0-126-generic root=LABEL=cloudimg-rootfs ro console=tty1 console=ttyS0
[    0.000000] Memory: 983016K/1048120K available (12300K kernel code, 2492K rwdata, 4264K rodata, 2440K init, 2724K bss, 65104K reserved, 0K cma-reserved)
[    0.000000] SLUB: HWalign=64, Order=0-3, MinObjects=0, CPUs=2, Nodes=1
[    0.000000] ftrace: allocating 39407 entries in 154 pages
[    0.004000] Hierarchical RCU implementation.
[    0.004000] 	RCU restricting CPUs from NR_CPUS=8192 to nr_cpu_ids=2.
[    0.004000] 	Tasks RCU enabled.
[    0.004000] RCU: Adjusting geometry for rcu_fanout_leaf=16, nr_cpu_ids=2
[    0.004000] NR_IRQS: 524544, nr_irqs: 440, preallocated irqs: 16
[    0.004000] Console: colour VGA+ 80x25
[    0.004000] console [tty1] enabled
[    0.004000] console [ttyS0] enabled
[    0.004000] ACPI: Core revision 20170831
[    0.004000] ACPI: 2 ACPI AML tables successfully acquired and loaded
[    0.004000] APIC: Switch to symmetric I/O mode setup
[    0.004000] x2apic enabled
[    0.004000] Switched APIC routing to physical x2apic.
[    0.004000] ..TIMER: vector=0x30 apic1=0 pin1=2 apic2=-1 pin2=-1
[    0.004000] tsc: Detected 2495.310 MHz processor
[    0.004000] Calibrating delay loop (skipped) preset value.. 4990.62 BogoMIPS (lpj=9981240)
[    0.004000] pid_max: default: 32768 minimum: 301
[    0.004000] Security Framework initialized
[    0.004000] Yama: becoming mindful.
[    0.004000] AppArmor: AppArmor initialized
[    0.004000] Dentry cache hash table entries: 131072 (order: 8, 1048576 bytes)
[    0.004000] Inode-cache hash table entries: 65536 (order: 7, 524288 bytes)
[    0.004000] Mount-cache hash table entries: 2048 (order: 2, 16384 bytes)
[    0.004000] Mountpoint-cache hash table entries: 2048 (order: 2, 16384 bytes)
[    0.004000] Last level iTLB entries: 4KB 1024, 2MB 1024, 4MB 512
[    0.004000] Last level dTLB entries: 4KB 1536, 2MB 1536, 4MB 768, 1GB 0
[    0.004000] Spectre V1 : Mitigation: usercopy/swapgs barriers and __user pointer sanitization
[    0.004000] Spectre V2 : Spectre mitigation: LFENCE not serializing, switching to generic retpoline
[    0.004000] Spectre V2 : Mitigation: Full generic retpoline
[    0.004000] Spectre V2 : Spectre v2 / SpectreRSB mitigation: Filling RSB on context switch
[    0.004000] Speculative Store Bypass: Mitigation: Speculative Store Bypass disabled via prctl and seccomp
[    0.004000] Freeing SMP alternatives memory: 36K
[    0.130444] APIC calibration not consistent with PM-Timer: 111ms instead of 100ms
[    0.131999] APIC delta adjusted to PM-Timer: 6423231 (7158355)
[    0.132081] smpboot: CPU0: AMD Ryzen 3 2200U with Radeon Vega Mobile Gfx (family: 0x17, model: 0x11, stepping: 0x0)
[    0.134289] Performance Events: PMU not available due to virtualization, using software events only.
[    0.136061] Hierarchical SRCU implementation.
[    0.139596] NMI watchdog: Perf event create on CPU 0 failed with -2
[    0.140003] NMI watchdog: Perf NMI watchdog permanently disabled
[    0.141138] smp: Bringing up secondary CPUs ...
[    0.142095] x86: Booting SMP configuration:
[    0.142865] .... node  #0, CPUs:      #1
[    0.004000] kvm-clock: cpu 1, msr 0:3ff44041, secondary cpu clock
[    0.147071] smp: Brought up 1 node, 2 CPUs
[    0.147071] smpboot: Max logical packages: 1
[    0.148008] smpboot: Total of 2 processors activated (9981.24 BogoMIPS)
[    0.148979] devtmpfs: initialized
[    0.148979] x86/mm: Memory block size: 128MB
[    0.149268] evm: security.selinux
[    0.149754] evm: security.SMACK64
[    0.150208] evm: security.SMACK64EXEC
[    0.150751] evm: security.SMACK64TRANSMUTE
[    0.152004] evm: security.SMACK64MMAP
[    0.152523] evm: security.apparmor
[    0.153009] evm: security.ima
[    0.153444] evm: security.capability
[    0.153981] clocksource: jiffies: mask: 0xffffffff max_cycles: 0xffffffff, max_idle_ns: 7645041785100000 ns
[    0.153981] futex hash table entries: 512 (order: 3, 32768 bytes)
[    0.156004] pinctrl core: initialized pinctrl subsystem
[    0.156004] RTC time:  7:19:15, date: 12/08/20
[    0.156326] NET: Registered protocol family 16
[    0.157201] audit: initializing netlink subsys (disabled)
[    0.160077] audit: type=2000 audit(1607411968.589:1): state=initialized audit_enabled=0 res=1
[    0.161529] cpuidle: using governor ladder
[    0.161529] cpuidle: using governor menu
[    0.164114] ACPI: bus type PCI registered
[    0.164763] acpiphp: ACPI Hot Plug PCI Controller Driver version: 0.5
[    0.165950] PCI: Using configuration type 1 for base access
[    0.166805] PCI: Using configuration type 1 for extended access
[    0.168868] HugeTLB registered 2.00 MiB page size, pre-allocated 0 pages
[    0.169070] ACPI: Added _OSI(Module Device)
[    0.169070] ACPI: Added _OSI(Processor Device)
[    0.169070] ACPI: Added _OSI(3.0 _SCP Extensions)
[    0.169472] ACPI: Added _OSI(Processor Aggregator Device)
[    0.170356] ACPI: Added _OSI(Linux-Dell-Video)
[    0.171244] ACPI: Added _OSI(Linux-Lenovo-NV-HDMI-Audio)
[    0.172012] ACPI: Added _OSI(Linux-HPI-Hybrid-Graphics)
[    0.173192] ACPI: Executed 1 blocks of module-level executable AML code
[    0.178384] ACPI: Interpreter enabled
[    0.178950] ACPI: (supports S0 S5)
[    0.179454] ACPI: Using IOAPIC for interrupt routing
[    0.180000] PCI: Using host bridge windows from ACPI; if necessary, use "pci=nocrs" and report a bug
[    0.184156] ACPI: Enabled 2 GPEs in block 00 to 07
[    0.188000] ACPI: PCI Root Bridge [PCI0] (domain 0000 [bus 00-ff])
[    0.188000] acpi PNP0A03:00: _OSC: OS supports [ExtendedConfig ASPM ClockPM Segments MSI]
[    0.192936] acpi PNP0A03:00: _OSC: platform does not support [PCIeCapability]
[    0.194344] acpi PNP0A03:00: _OSC: not requesting control; platform does not support [PCIeCapability]
[    0.196014] acpi PNP0A03:00: _OSC: OS requested [PCIeHotplug PME AER PCIeCapability]
[    0.196014] acpi PNP0A03:00: _OSC: platform willing to grant [PCIeHotplug PME AER]
[    0.197073] acpi PNP0A03:00: _OSC failed (AE_SUPPORT); disabling ASPM
[    0.198400] PCI host bridge to bus 0000:00
[    0.199531] pci_bus 0000:00: root bus resource [io  0x0000-0x0cf7 window]
[    0.204004] pci_bus 0000:00: root bus resource [io  0x0d00-0xffff window]
[    0.205080] pci_bus 0000:00: root bus resource [mem 0x000a0000-0x000bffff window]
[    0.206325] pci_bus 0000:00: root bus resource [mem 0x40000000-0xfdffffff window]
[    0.206325] pci_bus 0000:00: root bus resource [bus 00-ff]
[    0.206795] pci 0000:00:01.1: legacy IDE quirk: reg 0x10: [io  0x01f0-0x01f7]
[    0.212007] pci 0000:00:01.1: legacy IDE quirk: reg 0x14: [io  0x03f6]
[    0.213021] pci 0000:00:01.1: legacy IDE quirk: reg 0x18: [io  0x0170-0x0177]
[    0.214245] pci 0000:00:01.1: legacy IDE quirk: reg 0x1c: [io  0x0376]
[    0.237577] pci 0000:00:07.0: quirk: [io  0x4000-0x403f] claimed by PIIX4 ACPI
[    0.238696] pci 0000:00:07.0: quirk: [io  0x4100-0x410f] claimed by PIIX4 SMB
[    0.247792] ACPI: PCI Interrupt Link [LNKA] (IRQs 5 9 10 *11)
[    0.248322] ACPI: PCI Interrupt Link [LNKB] (IRQs 5 9 *10 11)
[    0.249288] ACPI: PCI Interrupt Link [LNKC] (IRQs 5 *9 10 11)
[    0.250185] ACPI: PCI Interrupt Link [LNKD] (IRQs 5 9 10 *11)
[    0.252007] SCSI subsystem initialized
[    0.256041] pci 0000:00:02.0: vgaarb: setting as boot VGA device
[    0.256870] pci 0000:00:02.0: vgaarb: VGA device added: decodes=io+mem,owns=io+mem,locks=none
[    0.258064] pci 0000:00:02.0: vgaarb: bridge control possible
[    0.258064] vgaarb: loaded
[    0.258064] ACPI: bus type USB registered
[    0.258064] usbcore: registered new interface driver usbfs
[    0.258064] usbcore: registered new interface driver hub
[    0.260014] usbcore: registered new device driver usb
[    0.260033] EDAC MC: Ver: 3.0.0
[    0.260777] PCI: Using ACPI for IRQ routing
[    0.261013] NetLabel: Initializing
[    0.264003] NetLabel:  domain hash size = 128
[    0.264694] NetLabel:  protocols = UNLABELED CIPSOv4 CALIPSO
[    0.265684] NetLabel:  unlabeled traffic allowed by default
[    0.272126] clocksource: Switched to clocksource kvm-clock
[    0.277926] VFS: Disk quotas dquot_6.6.0
[    0.293795] VFS: Dquot-cache hash table entries: 512 (order 0, 4096 bytes)
[    0.295311] AppArmor: AppArmor Filesystem Enabled
[    0.297471] pnp: PnP ACPI init
[    0.297758] pnp: PnP ACPI: found 3 devices
[    0.319227] clocksource: acpi_pm: mask: 0xffffff max_cycles: 0xffffff, max_idle_ns: 2085701024 ns
[    0.322220] NET: Registered protocol family 2
[    0.326582] TCP established hash table entries: 8192 (order: 4, 65536 bytes)
[    0.330159] TCP bind hash table entries: 8192 (order: 5, 131072 bytes)
[    0.330549] TCP: Hash tables configured (established 8192 bind 8192)
[    0.330549] UDP hash table entries: 512 (order: 2, 16384 bytes)
[    0.330549] UDP-Lite hash table entries: 512 (order: 2, 16384 bytes)
[    0.330549] NET: Registered protocol family 1
[    0.330549] pci 0000:00:00.0: Limiting direct PCI/PCI transfers
[    0.330549] pci 0000:00:01.0: Activating ISA DMA hang workarounds
[    0.330549] pci 0000:00:02.0: Video device with shadowed ROM at [mem 0x000c0000-0x000dffff]
[    0.330549] Unpacking initramfs...
[    0.704074] Freeing initrd memory: 19220K
[    0.708233] clocksource: tsc: mask: 0xffffffffffffffff max_cycles: 0x23f7eb13dd7, max_idle_ns: 440795202126 ns
[    0.710022] platform rtc_cmos: registered platform RTC device (no PNP device found)
[    0.711405] Scanning for low memory corruption every 60 seconds
[    0.713450] Initialise system trusted keyrings
[    0.714350] Key type blacklist registered
[    0.715295] workingset: timestamp_bits=36 max_order=18 bucket_order=0
[    0.717686] zbud: loaded
[    0.718799] squashfs: version 4.0 (2009/01/31) Phillip Lougher
[    0.719861] fuse init (API version 7.26)
[    0.723652] Key type asymmetric registered
[    0.724247] Asymmetric key parser 'x509' registered
[    0.725002] Block layer SCSI generic (bsg) driver version 0.4 loaded (major 246)
[    0.726078] io scheduler noop registered
[    0.726658] io scheduler deadline registered
[    0.727280] io scheduler cfq registered (default)
[    0.728251] ACPI: AC Adapter [AC] (on-line)
[    0.728886] input: Power Button as /devices/LNXSYSTM:00/LNXPWRBN:00/input/input0
[    0.729943] ACPI: Power Button [PWRF]
[    0.730555] input: Sleep Button as /devices/LNXSYSTM:00/LNXSLPBN:00/input/input1
[    0.731574] ACPI: Sleep Button [SLPF]
[    0.732386] Serial: 8250/16550 driver, 32 ports, IRQ sharing enabled
[    0.733023] ACPI: Battery Slot [BAT0] (battery present)
[    0.754939] 00:02: ttyS0 at I/O 0x3f8 (irq = 4, base_baud = 115200) is a 16550A
[    0.759870] Linux agpgart interface v0.103
[    0.762312] loop: module loaded
[    0.763394] scsi host0: ata_piix
[    0.764169] scsi host1: ata_piix
[    0.764793] ata1: PATA max UDMA/33 cmd 0x1f0 ctl 0x3f6 bmdma 0xd000 irq 14
[    0.766031] ata2: PATA max UDMA/33 cmd 0x170 ctl 0x376 bmdma 0xd008 irq 15
[    0.767641] libphy: Fixed MDIO Bus: probed
[    0.768160] tun: Universal TUN/TAP device driver, 1.6
[    0.769434] PPP generic driver version 2.4.2
[    0.770304] ehci_hcd: USB 2.0 'Enhanced' Host Controller (EHCI) Driver
[    0.771589] ehci-pci: EHCI PCI platform driver
[    0.772540] ehci-platform: EHCI generic platform driver
[    0.773543] ohci_hcd: USB 1.1 'Open' Host Controller (OHCI) Driver
[    0.774580] ohci-pci: OHCI PCI platform driver
[    0.775349] ohci-platform: OHCI generic platform driver
[    0.776258] uhci_hcd: USB Universal Host Controller Interface driver
[    0.777348] i8042: PNP: PS/2 Controller [PNP0303:PS2K,PNP0f03:PS2M] at 0x60,0x64 irq 1,12
[    0.779107] serio: i8042 KBD port at 0x60,0x64 irq 1
[    0.779952] serio: i8042 AUX port at 0x60,0x64 irq 12
[    0.780960] mousedev: PS/2 mouse device common for all mice
[    0.800159] rtc_cmos rtc_cmos: rtc core: registered rtc_cmos as rtc0
[    0.800246] input: AT Translated Set 2 keyboard as /devices/platform/i8042/serio0/input/input2
[    0.802182] rtc_cmos rtc_cmos: alarms up to one day, 114 bytes nvram
[    0.805006] i2c /dev entries driver
[    0.805821] device-mapper: uevent: version 1.0.3
[    0.806903] device-mapper: ioctl: 4.37.0-ioctl (2017-09-20) initialised: dm-devel@redhat.com
[    0.808463] ledtrig-cpu: registered to indicate activity on CPUs
[    0.810024] NET: Registered protocol family 10
[    0.814367] Segment Routing with IPv6
[    0.815034] NET: Registered protocol family 17
[    0.815946] Key type dns_resolver registered
[    0.816963] mce: Using 0 MCE banks
[    0.817787] RAS: Correctable Errors collector initialized.
[    0.818810] sched_clock: Marking stable (816926005, 0)->(1157094278, -340168273)
[    0.820668] registered taskstats version 1
[    0.821325] Loading compiled-in X.509 certificates
[    0.824326] Loaded X.509 cert 'Build time autogenerated kernel key: 24b6ce7d986f3307b9608c2edd0b61d009859433'
[    0.826192] zswap: loaded using pool lzo/zbud
[    0.830465] Key type big_key registered
[    0.831247] Key type trusted registered
[    0.833641] Key type encrypted registered
[    0.834795] AppArmor: AppArmor sha1 policy hashing enabled
[    0.835938] ima: No TPM chip found, activating TPM-bypass! (rc=-19)
[    0.837204] ima: Allocated hash algorithm: sha1
[    0.838163] evm: HMAC attrs: 0x1
[    0.839006]   Magic number: 0:649:318
[    0.839662] tty tty43: hash matches
[    0.840364] rtc_cmos rtc_cmos: setting system clock to 2020-12-08 07:19:16 UTC (1607411956)
[    0.841831] BIOS EDD facility v0.16 2004-Jun-25, 0 devices found
[    0.842780] EDD information not available.
[    0.950743] Freeing unused kernel image memory: 2440K
[    0.964725] Write protecting the kernel read-only data: 20480k
[    0.966746] Freeing unused kernel image memory: 2008K
[    0.968468] Freeing unused kernel image memory: 1880K
[    0.978293] x86/mm: Checked W+X mappings: passed, no W+X pages found.
Loading, please wait...
starting version 237
[    1.039553] Fusion MPT base driver 3.04.20
[    1.040267] Copyright (c) 1999-2008 LSI Corporation
[    1.041251] e1000: Intel(R) PRO/1000 Network Driver - version 7.3.21-k8-NAPI
[    1.042452] e1000: Copyright (c) 1999-2006 Intel Corporation.
[    1.120843] AVX2 version of gcm_enc/dec engaged.
[    1.121676] AES CTR mode by8 optimization enabled
[    1.123668] Fusion MPT SPI Host driver 3.04.20
[    1.321113] input: ImExPS/2 Generic Explorer Mouse as /devices/platform/i8042/serio1/input/input4
[    1.477102] e1000 0000:00:03.0 eth0: (PCI:33MHz:32-bit) 02:2b:40:e2:86:51
[    1.478334] e1000 0000:00:03.0 eth0: Intel(R) PRO/1000 Network Connection
[    1.480724] mptbase: ioc0: Initiating bringup
[    1.480816] e1000 0000:00:03.0 enp0s3: renamed from eth0
[    1.994634] ioc0: LSI53C1030 A0: Capabilities={Initiator}
[    3.477772] scsi host2: ioc0: LSI53C1030 A0, FwRev=00000000h, Ports=1, MaxQ=256, IRQ=20
[    4.376399] scsi 2:0:0:0: Direct-Access     VBOX     HARDDISK         1.0  PQ: 0 ANSI: 5
[    4.416052] scsi target2:0:0: Beginning Domain Validation
[    4.418614] scsi target2:0:0: Domain Validation skipping write tests
[    4.419933] scsi target2:0:0: Ending Domain Validation
[    4.421014] scsi target2:0:0: asynchronous
[    4.422243] scsi 2:0:1:0: Direct-Access     VBOX     HARDDISK         1.0  PQ: 0 ANSI: 5
[    4.664602] scsi target2:0:1: Beginning Domain Validation
[    4.667626] random: fast init done
[    4.668694] scsi target2:0:1: Domain Validation skipping write tests
[    4.669828] scsi target2:0:1: Ending Domain Validation
[    4.670899] scsi target2:0:1: asynchronous
[    4.677682] random: systemd-udevd: uninitialized urandom read (16 bytes read)
[    4.677745] sd 2:0:0:0: Attached scsi generic sg0 type 0
[    4.679174] random: systemd-udevd: uninitialized urandom read (16 bytes read)
[    4.680501] sd 2:0:1:0: Attached scsi generic sg1 type 0
[    4.681707] random: systemd-udevd: uninitialized urandom read (16 bytes read)
[    4.683051] sd 2:0:1:0: [sdb] 20480 512-byte logical blocks: (10.5 MB/10.0 MiB)
[    4.687040] sd 2:0:0:0: [sda] 20971520 512-byte logical blocks: (10.7 GB/10.0 GiB)
[    4.688498] sd 2:0:1:0: [sdb] Write Protect is off
[    4.688542] sd 2:0:0:0: [sda] Write Protect is off
[    4.690684] sd 2:0:0:0: [sda] Incomplete mode parameter data
[    4.690696] sd 2:0:1:0: [sdb] Incomplete mode parameter data
[    4.691861] sd 2:0:0:0: [sda] Assuming drive cache: write through
[    4.693065] sd 2:0:1:0: [sdb] Assuming drive cache: write through
[    4.729985]  sda: sda1
[    4.731448] sd 2:0:0:0: [sda] Attached SCSI disk
[    5.021801] sd 2:0:1:0: [sdb] Attached SCSI disk
Begin: Loading essential drivers ... [    7.496593] raid6: sse2x1   gen()  6821 MB/s
[    7.544598] raid6: sse2x1   xor()  5943 MB/s
[    7.592624] raid6: sse2x2   gen() 12920 MB/s
[    7.640576] raid6: sse2x2   xor()  7717 MB/s
[    7.688589] raid6: sse2x4   gen() 14035 MB/s
[    7.736700] raid6: sse2x4   xor()  7187 MB/s
[    7.784623] raid6: avx2x1   gen() 12903 MB/s
[    7.832593] raid6: avx2x1   xor()  9744 MB/s
[    7.880595] raid6: avx2x2   gen() 18569 MB/s
[    7.928569] raid6: avx2x2   xor() 10810 MB/s
[    7.976589] raid6: avx2x4   gen() 17155 MB/s
[    8.024572] raid6: avx2x4   xor()  9988 MB/s
[    8.025571] raid6: using algorithm avx2x2 gen() 18569 MB/s
[    8.026811] raid6: .... xor() 10810 MB/s, rmw enabled
[    8.027686] raid6: using avx2x2 recovery algorithm
[    8.029552] xor: automatically using best checksumming function   avx       
[    8.031832] async_tx: api initialized (async)
done.
Begin: Running /scripts/init-premount ... done.
Begin: Mounting root file system ... Begin: Running /scripts/local-top ... done.
Begin: Running /scripts/local-premount ... [    8.080906] Btrfs loaded, crc32c=crc32c-intel
Scanning for Btrfs filesystems
done.
Warning: fsck not present, so skipping root file system
[    9.105278] EXT4-fs (sda1): mounted filesystem with ordered data mode. Opts: (null)
done.
Begin: Running /scripts/local-bottom ... done.
Begin: Running /scripts/init-bottom ... [    9.635861] random: crng init done
[    9.637826] random: 7 urandom warning(s) missed due to ratelimiting
done.
[   17.160773] ip_tables: (C) 2000-2006 Netfilter Core Team
[   17.763187] systemd[1]: systemd 237 running in system mode. (+PAM +AUDIT +SELINUX +IMA +APPARMOR +SMACK +SYSVINIT +UTMP +LIBCRYPTSETUP +GCRYPT +GNUTLS +ACL +XZ +LZ4 +SECCOMP +BLKID +ELFUTILS +KMOD -IDN2 +IDN -PCRE2 default-hierarchy=hybrid)
[   17.769908] systemd[1]: Detected virtualization oracle.
[   17.771799] systemd[1]: Detected architecture x86-64.

Welcome to [1mUbuntu 18.04.5 LTS[0m!

[   18.010730] systemd[1]: Set hostname to <ubuntu>.
[   18.226411] systemd[1]: Initializing machine ID from random generator.
[   18.227973] systemd[1]: Installed transient /etc/machine-id file.
[   25.323363] systemd[1]: Set up automount Arbitrary Executable File Formats File System Automount Point.
[[0;32m  OK  [0m] Set up automount Arbitrary Executabâ€¦rmats File System Automount Point.
[   25.326244] systemd[1]: Reached target Swap.
[[0;32m  OK  [0m] Reached target Swap.
[   25.327616] systemd[1]: Reached target System Time Synchronized.
[[0;32m  OK  [0m] Reached target System Time Synchronized.
[   25.330500] systemd[1]: Created slice System Slice.
[[0;32m  OK  [0m] Created slice System Slice.
[   25.331863] systemd[1]: Listening on LVM2 poll daemon socket.
[[0;32m  OK  [0m] Listening on LVM2 poll daemon socket.
[   25.333641] systemd[1]: Created slice system-serial\x2dgetty.slice.
[[0;32m  OK  [0m] Created slice system-serial\x2dgetty.slice.
[   25.335492] systemd[1]: Listening on Device-mapper event daemon FIFOs.
[[0;32m  OK  [0m] Listening on Device-mapper event daemon FIFOs.
[   25.337318] systemd[1]: Listening on /dev/initctl Compatibility Named Pipe.
[[0;32m  OK  [0m] Listening on /dev/initctl Compatibility Named Pipe.
[   25.339243] systemd[1]: Listening on Syslog Socket.
[[0;32m  OK  [0m] Listening on Syslog Socket.
[   25.340702] systemd[1]: Listening on udev Control Socket.
[[0;32m  OK  [0m] Listening on udev Control Socket.
[[0;32m  OK  [0m] Listening on LVM2 metadata daemon socket.
[[0;32m  OK  [0m] Listening on Journal Socket (/dev/log).
[[0;32m  OK  [0m] Created slice User and Session Slice.
[[0;32m  OK  [0m] Listening on Journal Audit Socket.
[[0;32m  OK  [0m] Reached target User and Group Name Lookups.
[[0;32m  OK  [0m] Listening on Journal Socket.
         Starting Create list of required stâ€¦ce nodes for the current kernel...
         Mounting POSIX Message Queue File System...
         Starting Set the console keyboard layout...
         Mounting Huge Pages File System...
         Starting Remount Root and Kernel File Systems...
         Starting Load Kernel Modules...
         Starting Uncomplicated firewall...
[[0;32m  OK  [0m] Reached target Slices.
[[0;32m  OK  [0m] Started Forward Password Requests to Wall Directory Watch.
[[0;32m  OK  [0m] Listening on udev Kernel Socket.
         Starting udev Coldplug all Devices...
         Starting Journal Service...
         Starting Monitoring of LVM2 mirrorsâ€¦ng dmeventd or progress polling...
[[0;32m  OK  [0m] Listening on Network Service Netlink Socket.
         Mounting Kernel Debug File System...
[[0;32m  OK  [0m] Started Create list of required staâ€¦vice nodes for the current kernel.
[[0;32m  OK  [0m] Mounted POSIX Message Queue File System.
[[0;32m  OK  [0m] Mounted Huge Pages File System.
[[0;32m  OK  [0m] Mounted Kernel Debug File System.
         Starting Create Static Device Nodes in /dev...
[   26.248291] EXT4-fs (sda1): re-mounted. Opts: (null)
[[0;32m  OK  [0m] Started Remount Root and Kernel File Systems.
         Starting Load/Save Random Seed...
[[0;32m  OK  [0m] Started Uncomplicated firewall.
[[0;32m  OK  [0m] Started udev Coldplug all Devices.
[[0;32m  OK  [0m] Started Journal Service.
         Starting Flush Journal to Persistent Storage...
[[0;32m  OK  [0m] Started Load/Save Random Seed.
[[0;32m  OK  [0m] Started Set the console keyboard layout.
[   28.438193] systemd-journald[409]: Received request to flush runtime journal from PID 1
[   28.695967] Loading iSCSI transport class v2.0-870.
[   29.234343] iscsi: registered transport (tcp)
[[0;32m  OK  [0m] Started LVM2 metadata daemon.
[[0;32m  OK  [0m] Started Flush Journal to Persistent Storage.
[   30.001610] iscsi: registered transport (iser)
[[0;32m  OK  [0m] Started Load Kernel Modules.
         Mounting Kernel Configuration File System...
         Starting Apply Kernel Variables...
         Mounting FUSE Control File System...
[[0;32m  OK  [0m] Mounted Kernel Configuration File System.
[[0;32m  OK  [0m] Mounted FUSE Control File System.
[[0;32m  OK  [0m] Started Create Static Device Nodes in /dev.
         Starting udev Kernel Device Manager...
[[0;32m  OK  [0m] Started Monitoring of LVM2 mirrors,â€¦sing dmeventd or progress polling.
[[0;32m  OK  [0m] Reached target Local File Systems (Pre).
[[0;32m  OK  [0m] Reached target Local File Systems.
         Starting AppArmor initialization...
         Starting Create Volatile Files and Directories...
         Starting Commit a transient machine-id on disk...
         Starting Set console font and keymap...
         Starting Tell Plymouth To Write Out Runtime Data...
         Starting ebtables ruleset management...
[[0;32m  OK  [0m] Started Apply Kernel Variables.
[[0;32m  OK  [0m] Started Set console font and keymap.
[[0;32m  OK  [0m] Started Tell Plymouth To Write Out Runtime Data.
[[0;32m  OK  [0m] Started Create Volatile Files and Directories.
         Starting Update UTMP about System Boot/Shutdown...
[[0;32m  OK  [0m] Started Commit a transient machine-id on disk.
[[0;32m  OK  [0m] Started Update UTMP about System Boot/Shutdown.
[[0;32m  OK  [0m] Started udev Kernel Device Manager.
[[0;32m  OK  [0m] Started Dispatch Password Requests to Console Directory Watch.
[[0;32m  OK  [0m] Reached target Local Encrypted Volumes.
[[0;32m  OK  [0m] Started ebtables ruleset management.
[[0;32m  OK  [0m] Found device /dev/ttyS0.
[[0;32m  OK  [0m] Listening on Load/Save RF Kill Switch Status /dev/rfkill Watch.
[[0;32m  OK  [0m] Started AppArmor initialization.
         Starting Initial cloud-init job (pre-networking)...
         Starting Load AppArmor profiles managed internally by snapd...
[[0;32m  OK  [0m] Started Load AppArmor profiles managed internally by snapd.
[   73.603360] cloud-init[538]: Cloud-init v. 20.3-2-g371b392c-0ubuntu1~18.04.1 running 'init-local' at Tue, 08 Dec 2020 07:20:24 +0000. Up 69.24 seconds.
[[0;32m  OK  [0m] Started Initial cloud-init job (pre-networking).
[[0;32m  OK  [0m] Reached target Network (Pre).
         Starting Network Service...
[[0;32m  OK  [0m] Started Network Service.
         Starting Network Name Resolution...
         Starting Wait for Network to be Configured...
[[0;32m  OK  [0m] Started Network Name Resolution.
[[0;32m  OK  [0m] Reached target Host and Network Name Lookups.
[[0;32m  OK  [0m] Reached target Network.
[[0;32m  OK  [0m] Started Wait for Network to be Configured.
         Starting Initial cloud-init job (metadata service crawler)...
[   76.774258] cloud-init[666]: Cloud-init v. 20.3-2-g371b392c-0ubuntu1~18.04.1 running 'init' at Tue, 08 Dec 2020 07:20:31 +0000. Up 76.28 seconds.
[   76.776043] cloud-init[666]: ci-info: ++++++++++++++++++++++++++++++++++++++Net device info++++++++++++++++++++++++++++++++++++++
[   76.777213] cloud-init[666]: ci-info: +--------+------+----------------------------+---------------+--------+-------------------+
[   76.778427] cloud-init[666]: ci-info: | Device |  Up  |          Address           |      Mask     | Scope  |     Hw-Address    |
[   76.788369] cloud-init[666]: ci-info: +--------+------+----------------------------+---------------+--------+-------------------+
[   76.790286] cloud-init[666]: ci-info: | enp0s3 | True |         10.0.2.15          | 255.255.255.0 | global | 02:2b:40:e2:86:51 |
[   76.791746] cloud-init[666]: ci-info: | enp0s3 | True | fe80::2b:40ff:fee2:8651/64 |       .       |  link  | 02:2b:40:e2:86:51 |
[   76.793282] cloud-init[666]: ci-info: |   lo   | True |         127.0.0.1          |   255.0.0.0   |  host  |         .         |
[   76.794682] cloud-init[666]: ci-info: |   lo   | True |          ::1/128           |       .       |  host  |         .         |
[   76.796078] cloud-init[666]: ci-info: +--------+------+----------------------------+---------------+--------+-------------------+
[   76.797340] cloud-init[666]: ci-info: ++++++++++++++++++++++++++++Route IPv4 info+++++++++++++++++++++++++++++
[   76.798577] cloud-init[666]: ci-info: +-------+-------------+----------+-----------------+-----------+-------+
[   76.799605] cloud-init[666]: ci-info: | Route | Destination | Gateway  |     Genmask     | Interface | Flags |
[   76.800766] cloud-init[666]: ci-info: +-------+-------------+----------+-----------------+-----------+-------+
[   76.812856] cloud-init[666]: ci-info: |   0   |   0.0.0.0   | 10.0.2.2 |     0.0.0.0     |   enp0s3  |   UG  |
[   76.814458] cloud-init[666]: ci-info: |   1   |   10.0.2.0  | 0.0.0.0  |  255.255.255.0  |   enp0s3  |   U   |
[   76.816114] cloud-init[666]: ci-info: |   2   |   10.0.2.2  | 0.0.0.0  | 255.255.255.255 |   enp0s3  |   UH  |
[   76.817186] cloud-init[666]: ci-info: +-------+-------------+----------+-----------------+-----------+-------+
[   76.818827] cloud-init[666]: ci-info: +++++++++++++++++++Route IPv6 info+++++++++++++++++++
[   76.820257] cloud-init[666]: ci-info: +-------+-------------+---------+-----------+-------+
[   76.821653] cloud-init[666]: ci-info: | Route | Destination | Gateway | Interface | Flags |
[   76.822815] cloud-init[666]: ci-info: +-------+-------------+---------+-----------+-------+
[   76.823851] cloud-init[666]: ci-info: |   1   |  fe80::/64  |    ::   |   enp0s3  |   U   |
[   76.824954] cloud-init[666]: ci-info: |   3   |    local    |    ::   |   enp0s3  |   U   |
[   76.826032] cloud-init[666]: ci-info: |   4   |   ff00::/8  |    ::   |   enp0s3  |   U   |
[   76.827093] cloud-init[666]: ci-info: +-------+-------------+---------+-----------+-------+
[   84.791721] cloud-init[666]: Generating public/private rsa key pair.
[   84.793771] cloud-init[666]: Your identification has been saved in /etc/ssh/ssh_host_rsa_key.
[   84.804346] cloud-init[666]: Your public key has been saved in /etc/ssh/ssh_host_rsa_key.pub.
[   84.806889] cloud-init[666]: The key fingerprint is:
[   84.824791] cloud-init[666]: SHA256:l2wZnxxo5dJE6vqVxKxDYEDjx9sVjlTZBXx+MupAuV8 root@ubuntu-bionic
[   84.840520] cloud-init[666]: The key's randomart image is:
[   84.852383] cloud-init[666]: +---[RSA 2048]----+
[   84.868913] cloud-init[666]: |     .+   .o*+.o.|
[   84.869727] cloud-init[666]: |     . + . X..o .|
[   84.870731] cloud-init[666]: |      . = B.*  o |
[[0;32m  OK  [0m] Started Initial cloud-init job (metadata service crawler).
[   84.886023] cloud-init[666]: |       o Bo@ oo o|
[[0;32m  OK  [0m] Reached target System Initialization.
[   84.887071] [[0;32m  OK  [0m] Listening on ACPID Listen Socket.
[[0;32m  OK  [0m] Listening on Open-iSCSI iscsid Socket.
[[0;32m  OK  [0m] Listening on D-Bus System Message Bus Socket.
cloud-init[666]: |        S.X.B. o.|
[[0;32m  OK  [0m] Started Daily apt download activities.
[[0;32m  OK  [0m] Listening on UUID daemon activation socket.
[   84.901508] cloud-init[666]: |         =oo..E  |
[   84.924621] cloud-init[666]: |        . o+o.   |
[   84.925387] cloud-init[666]: |         . oo    |
[[0;32m  OK  [0m] [   84.936418] cloud-init[666]: |          .      |
[   84.936792] cloud-init[666]: +----[SHA256]-----+
Started ACPI Events Check.
[   84.936889] cloud-init[666]: Generating public/private dsa key pair.
[[0;32m  OK  [0m] [   84.948272] cloud-init[666]: Your identification has been saved in /etc/ssh/ssh_host_dsa_key.
Reached target Paths.
[   84.948606] cloud-init[666]: Your public key has been saved in /etc/ssh/ssh_host_dsa_key.pub.
[   84.950614] cloud-init[666]: The key fingerprint is:
[   84.951214] cloud-init[666]: SHA256:nH4xIa2p4Bv/f4dFzwU5wJpHFp+PEpNosFNE7cSqksU root@ubuntu-bionic
         Starting Socket activation for snappy daemon.
[   84.964909] cloud-init[666]: The key's randomart image is:
[   84.965650] cloud-init[666]: +---[DSA 1024]----+
[[   84.966489] cloud-init[666]: |        .o++oo . |
[   84.966672] cloud-init[666]: |         = .Bo+. |
[0;32m  OK  [0m] Started Message of the Day.
[   84.966828] cloud-init[666]: |       .+ =O+ oo |
[[0;32m  OK  [0m[   84.980367] cloud-init[666]: |       .EB+.oo.o.|
[   84.980601] cloud-init[666]: |    .  oS.o....oo|
] Started Discard unused blocks once a week.
[   84.980648] cloud-init[666]: |   . .oo.  o .. o|
[   84.982325] cloud-init[666]: |    o ... .  o   |
[   84.982892] cloud-init[666]: |     +   .  o .  |
[   84.983352] cloud-init[666]: |    . ...... .   |
[   84.983877] cloud-init[666]: +----[SHA256]-----+
[   84.998088] cloud-init[666]: Generating public/private ecdsa key pair.
         Starting LXD - unix socket.
[   85.009156] [[0;32m  OK  [0m] Started Daily apt upgrade and clean activities.
[[0;32m  OK  [0m] Started Daily Cleanup of Temporary Directories.
cloud-init[666]: Your identification has been saved in /etc/ssh/ssh_host_ecdsa_key.
[[0;32m  OK  [0m] Reached target Timers.
[   85.011523] [[0;32m  OK  [0m] Reached target Cloud-config availability.
[[0;32m  OK  [0m] Reached target Network is Online.
cloud-init[666]: Your public key has been saved in /etc/ssh/ssh_host_ecdsa_key.pub.
[   85.013903] cloud-init[666]: The key fingerprint is:
[   85.014714] cloud-init[666]: SHA256:10dJ/4DLy/Qg9hXgbfHe6piwvosWsf9Ybl4kblzUPeo root@ubuntu-bionic
[   85.015888] cloud-init[666]: The key's randomart image is:
[   85.016716] cloud-init[666]: +---[ECDSA 256]---+
[   85.017500] cloud-init[666]: |            . o  |
[   85.018303] cloud-init[666]: |           . = *.|
         Starting Availability of block devices...
[   85.036213] cloud-init[[666]: [0;32m  OK  [0m|            o O.=|] 
Reached target Remote File Systems (Pre).
[[0;32m  OK  [0m] Reached target Remote File Systems.
[   85.037990] cloud-init[666]: |        .  o =.++|
[   85.041135] [cloud-init[0;32m  OK  [0m[666]: ] |        So+ B.= +|Listening on Socket activation for snappy daemon.

[[0;32m  OK  [0m] Listening on LXD - unix socket.
[   85.043659] [[0;32m  OK  [0m] Reached target Sockets.
[[0;32m  OK  [0m] Reached target Basic System.
cloud-init[666]: |        oo B.X . |
[[0;32m  OK  [0m] Started Deferred execution scheduler.
[   85.046135] cloud-init[666]: |         o. OE+  |
[   85.047001] cloud-init[666]: |        ...B.=   |
[   85.048043] cloud-init[666]: |       ...*** .  |
[   85.051019] cloud-init[666]: +----[SHA256]-----+
[   85.060718] cloud-init[666]: Generating public/private ed25519 key pair.
[   85.061478] cloud-init[666]: Your identification has been saved in /etc/ssh/ssh_host_ed25519_key.
[   85.062452] cloud-init[666]: Your public key has been saved in /etc/ssh/ssh_host_ed25519_key.pub.
[   85.063475] cloud-init[666]: The key fingerprint is:
[   85.064095] cloud-init[666]: SHA256:b3hE27oRc8hBTW29nm7PA+eSfPCol8fHnHa08uEu4YI root@ubuntu-bionic
[   85.065088] cloud-init[666]: The key's randomart image is:
[   85.065787] cloud-init[666]: +--[ED25519 256]--+
[   85.066405] cloud-init[666]: |          .o.. . |
[   85.066973] cloud-init[666]: |         .  . o .|
[   85.067602] cloud-init[666]: |          o  .  .|
[   85.068182] cloud-init[666]: |         o =   . |
[   85.068976] cloud-init[666]: |        S B o . .|
[   85.069874] cloud-init[666]: |         + = + +.|
[   85.071559] cloud-init[666]: |        . B o &=o|
[   85.072128] cloud-init[666]: |         E + @.#*|
[   85.073494] cloud-init[666]: |          ..+ @+B|
[   85.074317] cloud-init[666]: +----[SHA256]-----+
         Starting Dispatcher daemon for systemd-networkd...
         Starting LXD - container startup/shutdown...
         Starting Login Service...
         Starting Accounts Service...
[[0;32m  OK  [0m] Started D-Bus System Message Bus.
[[0;32m  OK  [0m] Started Login Service.
[[0;32m  OK  [0m] Started Unattended Upgrades Shutdown.
         Starting Pollinate to seed the pseudo random number generator...
         Starting Permit User Sessions...
         Starting System Logging Service...
         Starting LSB: Record successful boot for GRUB...
         Starting LSB: automatic crash report generation...
[[0;32m  OK  [0m] Started irqbalance daemon.
         Starting Virtualbox guest utils...
         Starting Snap Daemon...
[[0;32m  OK  [0m] Started Regular background program processing daemon.
[[0;32m  OK  [0m] Started FUSE filesystem for LXC.
[[0;32m  OK  [0m] Started Availability of block devices.
[[0;32m  OK  [0m] Started Permit User Sessions.
         Starting Authorization Manager...
         Starting Terminate Plymouth Boot Screen...
         Starting Hold until boot process finishes up...
[[0;32m  OK  [0m] Started Terminate Plymouth Boot Screen.
[[0;32m  OK  [0m] Started Hold until boot process finishes up.
[[0;32m  OK  [0m] Started Serial Getty on ttyS0.
         Starting Set console scheme...
[[0;32m  OK  [0m] Started Set console scheme.
[[0;32m  OK  [0m] Created slice system-getty.slice.
[[0;32m  OK  [0m] Started Getty on tty1.
[[0;32m  OK  [0m] Reached target Login Prompts.
[[0;32m  OK  [0m] Started LSB: automatic crash report generation.

Ubuntu 18.04.5 LTS ubuntu-bionic ttyS0

ubuntu-bionic login: [  192.724058] cloud-init[1444]: Cloud-init v. 20.3-2-g371b392c-0ubuntu1~18.04.1 running 'modules:config' at Tue, 08 Dec 2020 07:21:32 +0000. Up 136.93 seconds.
ci-info: no authorized SSH keys fingerprints found for user ubuntu.
<14>Dec  8 07:22:29 ec2: 
<14>Dec  8 07:22:29 ec2: #############################################################
<14>Dec  8 07:22:29 ec2: -----BEGIN SSH HOST KEY FINGERPRINTS-----
<14>Dec  8 07:22:29 ec2: 1024 SHA256:nH4xIa2p4Bv/f4dFzwU5wJpHFp+PEpNosFNE7cSqksU root@ubuntu-bionic (DSA)
<14>Dec  8 07:22:29 ec2: 256 SHA256:10dJ/4DLy/Qg9hXgbfHe6piwvosWsf9Ybl4kblzUPeo root@ubuntu-bionic (ECDSA)
<14>Dec  8 07:22:29 ec2: 256 SHA256:b3hE27oRc8hBTW29nm7PA+eSfPCol8fHnHa08uEu4YI root@ubuntu-bionic (ED25519)
<14>Dec  8 07:22:29 ec2: 2048 SHA256:l2wZnxxo5dJE6vqVxKxDYEDjx9sVjlTZBXx+MupAuV8 root@ubuntu-bionic (RSA)
<14>Dec  8 07:22:29 ec2: -----END SSH HOST KEY FINGERPRINTS-----
<14>Dec  8 07:22:29 ec2: #############################################################
-----BEGIN SSH HOST KEY KEYS-----
ecdsa-sha2-nistp256 AAAAE2VjZHNhLXNoYTItbmlzdHAyNTYAAAAIbmlzdHAyNTYAAABBBBvDeD/oXJdHYZ/Esou1EIstRmHjW1e3sPPI26IfTRerYI1fMNIzDR+tdVrjLZUrMDsRDLEEaePfSMYAuVIbkXo= root@ubuntu-bionic
ssh-ed25519 AAAAC3NzaC1lZDI1NTE5AAAAILPQUHzUTFno0pxiNhR7BT2ljyGgfii2V6ePTCrr6cFE root@ubuntu-bionic
ssh-rsa AAAAB3NzaC1yc2EAAAADAQABAAABAQCgE1oETwWkf6ch1RIbneafukjt13mRyJeGkrbR+FcDOaplyB0nYV9RBozDpCwvp6pbnc80xpH/3e+MGyS+ulJgNwNTsnsPBWGIYNSUTm8VZ1qWXsTzPqpuI6f1rWjqGfArFBv0AtWeFh3tbITGKBLGFbGv9vbEKHzvZfua2KcTrszHKYBrkbZMCUMRnzgWJr6XNb7hrsRlbUdPkY3l3xiyAi7dMAzRbHn8qNjee6APdLwcQrW8zgU4oxlpPFymd+78H8V1JIRG8/Jy9TYFjpLAVWMqzg3MYlAcmICf7C7NwyN2hr1+1RodS9ylXGutk+WX1++5CYQthOdFTC3DF2U7 root@ubuntu-bionic
-----END SSH HOST KEY KEYS-----
[  193.652436] cloud-init[1876]: Cloud-init v. 20.3-2-g371b392c-0ubuntu1~18.04.1 running 'modules:final' at Tue, 08 Dec 2020 07:22:28 +0000. Up 193.23 seconds.
[  193.656261] cloud-init[1876]: ci-info: no authorized SSH keys fingerprints found for user ubuntu.
[  193.657508] cloud-init[1876]: Cloud-init v. 20.3-2-g371b392c-0ubuntu1~18.04.1 finished at Tue, 08 Dec 2020 07:22:29 +0000. Datasource DataSourceNoCloud [seed=/dev/sdb][dsmode=net].  Up 193.63 seconds
